// Vitest Snapshot v1, https://vitest.dev/guide/snapshot.html

exports[`IdashBatchStack > matches the CloudFormation snapshot 1`] = `
{
  "Parameters": {
    "BootstrapVersion": {
      "Default": "/cdk-bootstrap/hnb659fds/version",
      "Description": "Version of the CDK Bootstrap resources in this environment, automatically retrieved from SSM Parameter Store. [cdk:skip]",
      "Type": "AWS::SSM::Parameter::Value<String>",
    },
  },
  "Resources": {
    "CollectFn65CC4EC9": {
      "DependsOn": [
        "CollectFnServiceRoleDefaultPolicy62B683B3",
        "CollectFnServiceRoleF762C82B",
      ],
      "Properties": {
        "Code": {
          "ImageUri": {
            "Fn::Sub": "\${AWS::AccountId}.dkr.ecr.ap-northeast-1.\${AWS::URLSuffix}/cdk-hnb659fds-container-assets-\${AWS::AccountId}-ap-northeast-1:983ec0a771ce6abe074a2be3797d8e5491aa19f6705e761066c3f152611d3d2d",
          },
        },
        "Environment": {
          "Variables": {
            "ENV_NAME": "dev",
            "ERROR_PAGE_BUCKET": {
              "Ref": "ErrorPageBucketFD04CE26",
            },
            "SHEETS_SA_PARAM_ARN": {
              "Fn::Join": [
                "",
                [
                  "arn:",
                  {
                    "Ref": "AWS::Partition",
                  },
                  ":ssm:ap-northeast-1:",
                  {
                    "Ref": "AWS::AccountId",
                  },
                  ":parameter/idash/dev/sheets-sa",
                ],
              ],
            },
            "SOURCE_LOGIN_PARAM_ARN": {
              "Fn::Join": [
                "",
                [
                  "arn:",
                  {
                    "Ref": "AWS::Partition",
                  },
                  ":ssm:ap-northeast-1:",
                  {
                    "Ref": "AWS::AccountId",
                  },
                  ":parameter/idash/dev/source-login",
                ],
              ],
            },
          },
        },
        "FunctionName": "Idash-dev-Batch-CollectFn",
        "ImageConfig": {
          "Command": [
            "batch.handler_collect.handler",
          ],
        },
        "LoggingConfig": {
          "LogGroup": {
            "Ref": "CollectFnLogGroup13AF6A1B",
          },
        },
        "MemorySize": 2048,
        "PackageType": "Image",
        "ReservedConcurrentExecutions": 1,
        "Role": {
          "Fn::GetAtt": [
            "CollectFnServiceRoleF762C82B",
            "Arn",
          ],
        },
        "Timeout": 600,
      },
      "Type": "AWS::Lambda::Function",
    },
    "CollectFnLogGroup13AF6A1B": {
      "DeletionPolicy": "Delete",
      "Properties": {
        "LogGroupName": "/aws/lambda/Idash-dev-Batch-CollectFn",
        "RetentionInDays": 7,
      },
      "Type": "AWS::Logs::LogGroup",
      "UpdateReplacePolicy": "Delete",
    },
    "CollectFnServiceRoleDefaultPolicy62B683B3": {
      "Properties": {
        "PolicyDocument": {
          "Statement": [
            {
              "Action": [
                "ssm:DescribeParameters",
                "ssm:GetParameters",
                "ssm:GetParameter",
                "ssm:GetParameterHistory",
              ],
              "Effect": "Allow",
              "Resource": {
                "Fn::Join": [
                  "",
                  [
                    "arn:",
                    {
                      "Ref": "AWS::Partition",
                    },
                    ":ssm:ap-northeast-1:",
                    {
                      "Ref": "AWS::AccountId",
                    },
                    ":parameter/idash/dev/sheets-sa",
                  ],
                ],
              },
            },
            {
              "Action": [
                "ssm:DescribeParameters",
                "ssm:GetParameters",
                "ssm:GetParameter",
                "ssm:GetParameterHistory",
              ],
              "Effect": "Allow",
              "Resource": {
                "Fn::Join": [
                  "",
                  [
                    "arn:",
                    {
                      "Ref": "AWS::Partition",
                    },
                    ":ssm:ap-northeast-1:",
                    {
                      "Ref": "AWS::AccountId",
                    },
                    ":parameter/idash/dev/source-login",
                  ],
                ],
              },
            },
            {
              "Action": [
                "s3:DeleteObject*",
                "s3:PutObject",
                "s3:PutObjectLegalHold",
                "s3:PutObjectRetention",
                "s3:PutObjectTagging",
                "s3:PutObjectVersionTagging",
                "s3:Abort*",
              ],
              "Effect": "Allow",
              "Resource": [
                {
                  "Fn::GetAtt": [
                    "ErrorPageBucketFD04CE26",
                    "Arn",
                  ],
                },
                {
                  "Fn::Join": [
                    "",
                    [
                      {
                        "Fn::GetAtt": [
                          "ErrorPageBucketFD04CE26",
                          "Arn",
                        ],
                      },
                      "/*",
                    ],
                  ],
                },
              ],
            },
          ],
          "Version": "2012-10-17",
        },
        "PolicyName": "CollectFnServiceRoleDefaultPolicy62B683B3",
        "Roles": [
          {
            "Ref": "CollectFnServiceRoleF762C82B",
          },
        ],
      },
      "Type": "AWS::IAM::Policy",
    },
    "CollectFnServiceRoleF762C82B": {
      "Properties": {
        "AssumeRolePolicyDocument": {
          "Statement": [
            {
              "Action": "sts:AssumeRole",
              "Effect": "Allow",
              "Principal": {
                "Service": "lambda.amazonaws.com",
              },
            },
          ],
          "Version": "2012-10-17",
        },
        "ManagedPolicyArns": [
          {
            "Fn::Join": [
              "",
              [
                "arn:",
                {
                  "Ref": "AWS::Partition",
                },
                ":iam::aws:policy/service-role/AWSLambdaBasicExecutionRole",
              ],
            ],
          },
        ],
      },
      "Type": "AWS::IAM::Role",
    },
    "DailyCollectD2467D4E": {
      "Properties": {
        "FlexibleTimeWindow": {
          "Mode": "OFF",
        },
        "ScheduleExpression": "cron(0 9 * * ? *)",
        "ScheduleExpressionTimezone": "Asia/Tokyo",
        "State": "ENABLED",
        "Target": {
          "Arn": {
            "Fn::GetAtt": [
              "CollectFn65CC4EC9",
              "Arn",
            ],
          },
          "RetryPolicy": {
            "MaximumEventAgeInSeconds": 86400,
            "MaximumRetryAttempts": 185,
          },
          "RoleArn": {
            "Fn::GetAtt": [
              "SchedulerRoleForTarget3a8f0b61CD8EDC",
              "Arn",
            ],
          },
        },
      },
      "Type": "AWS::Scheduler::Schedule",
    },
    "ErrorPageBucketFD04CE26": {
      "DeletionPolicy": "Delete",
      "Properties": {
        "LifecycleConfiguration": {
          "Rules": [
            {
              "ExpirationInDays": 30,
              "Status": "Enabled",
            },
          ],
        },
        "PublicAccessBlockConfiguration": {
          "BlockPublicAcls": true,
          "BlockPublicPolicy": true,
          "IgnorePublicAcls": true,
          "RestrictPublicBuckets": true,
        },
      },
      "Type": "AWS::S3::Bucket",
      "UpdateReplacePolicy": "Delete",
    },
    "ErrorPageBucketPolicy8EF9E940": {
      "Properties": {
        "Bucket": {
          "Ref": "ErrorPageBucketFD04CE26",
        },
        "PolicyDocument": {
          "Statement": [
            {
              "Action": "s3:*",
              "Condition": {
                "Bool": {
                  "aws:SecureTransport": "false",
                },
              },
              "Effect": "Deny",
              "Principal": {
                "AWS": "*",
              },
              "Resource": [
                {
                  "Fn::GetAtt": [
                    "ErrorPageBucketFD04CE26",
                    "Arn",
                  ],
                },
                {
                  "Fn::Join": [
                    "",
                    [
                      {
                        "Fn::GetAtt": [
                          "ErrorPageBucketFD04CE26",
                          "Arn",
                        ],
                      },
                      "/*",
                    ],
                  ],
                },
              ],
            },
          ],
          "Version": "2012-10-17",
        },
      },
      "Type": "AWS::S3::BucketPolicy",
    },
    "SchedulerRoleForTarget3a8f0b61CD8EDC": {
      "Properties": {
        "AssumeRolePolicyDocument": {
          "Statement": [
            {
              "Action": "sts:AssumeRole",
              "Condition": {
                "StringEquals": {
                  "aws:SourceAccount": {
                    "Ref": "AWS::AccountId",
                  },
                  "aws:SourceArn": {
                    "Fn::Join": [
                      "",
                      [
                        "arn:",
                        {
                          "Ref": "AWS::Partition",
                        },
                        ":scheduler:ap-northeast-1:",
                        {
                          "Ref": "AWS::AccountId",
                        },
                        ":schedule-group/default",
                      ],
                    ],
                  },
                },
              },
              "Effect": "Allow",
              "Principal": {
                "Service": "scheduler.amazonaws.com",
              },
            },
          ],
          "Version": "2012-10-17",
        },
      },
      "Type": "AWS::IAM::Role",
    },
    "SchedulerRoleForTarget3a8f0bDefaultPolicy3B6C633B": {
      "Properties": {
        "PolicyDocument": {
          "Statement": [
            {
              "Action": "lambda:InvokeFunction",
              "Effect": "Allow",
              "Resource": [
                {
                  "Fn::GetAtt": [
                    "CollectFn65CC4EC9",
                    "Arn",
                  ],
                },
                {
                  "Fn::Join": [
                    "",
                    [
                      {
                        "Fn::GetAtt": [
                          "CollectFn65CC4EC9",
                          "Arn",
                        ],
                      },
                      ":*",
                    ],
                  ],
                },
              ],
            },
          ],
          "Version": "2012-10-17",
        },
        "PolicyName": "SchedulerRoleForTarget3a8f0bDefaultPolicy3B6C633B",
        "Roles": [
          {
            "Ref": "SchedulerRoleForTarget3a8f0b61CD8EDC",
          },
        ],
      },
      "Type": "AWS::IAM::Policy",
    },
  },
  "Rules": {
    "CheckBootstrapVersion": {
      "Assertions": [
        {
          "Assert": {
            "Fn::Not": [
              {
                "Fn::Contains": [
                  [
                    "1",
                    "2",
                    "3",
                    "4",
                    "5",
                  ],
                  {
                    "Ref": "BootstrapVersion",
                  },
                ],
              },
            ],
          },
          "AssertDescription": "CDK bootstrap stack version 6 required. Please run 'cdk bootstrap' with a recent version of the CDK CLI.",
        },
      ],
    },
  },
}
`;
