// Vitest Snapshot v1, https://vitest.dev/guide/snapshot.html

exports[`IdashFrontendStack > matches the CloudFormation snapshot 1`] = `
{
  "Parameters": {
    "BootstrapVersion": {
      "Default": "/cdk-bootstrap/hnb659fds/version",
      "Description": "Version of the CDK Bootstrap resources in this environment, automatically retrieved from SSM Parameter Store. [cdk:skip]",
      "Type": "AWS::SSM::Parameter::Value<String>",
    },
  },
  "Resources": {
    "AuthKeyValueStore49EB72DA": {
      "Properties": {
        "Name": "IdashdevFrontendAuthKeyValueStoreCC44C13D",
      },
      "Type": "AWS::CloudFront::KeyValueStore",
    },
    "BasicAuthFunction3DE306AB": {
      "Properties": {
        "AutoPublish": true,
        "FunctionCode": "// CloudFront Function（runtime JS 2.0）。両 behavior の viewer-request に適用する。
//
// 1) Basic 認証: KVS の \`basic-auth\` キー（期待値 = \`Basic <base64(user:pass)>\` 全体）と
//    Authorization ヘッダを照合。不一致/欠落/KVS 未投入なら 401（フェイルクローズ）。
// 2) origin-verify（CloudFront 経由限定化・ADR-0006）: クライアント偽装を無効化するため
//    \`x-origin-verify\` を必ず削除し、\`/api/*\` にのみ KVS の \`origin-verify\` 値を注入して
//    origin（API Gateway）へ転送する。BFF が SSM の期待値と照合し、CloudFront を迂回した
//    直叩きを 403 で弾く。
//
// 値は CDK では投入しない（public repo 制約）。KVS に basic-auth / origin-verify の2キーを
// デプロイ後に手動投入する（README 参照）。origin-verify は SSM にも同一値を投入する。
import cf from 'cloudfront';

const kvs = cf.kvs();

function unauthorized() {
  return {
    statusCode: 401,
    statusDescription: 'Unauthorized',
    headers: { 'www-authenticate': { value: 'Basic' } },
  };
}

async function handler(event) {
  const request = event.request;

  // 1) Basic 認証。
  let expectedAuth;
  try {
    expectedAuth = await kvs.get('basic-auth');
  } catch {
    // KVS 未投入（キー無し）等は認証不能 → フェイルクローズで 401。
    return unauthorized();
  }
  const header = request.headers.authorization;
  if (!header || header.value !== expectedAuth) {
    return unauthorized();
  }

  // 2) origin-verify。クライアント送信値は常に破棄（ALL_VIEWER_EXCEPT_HOST_HEADER で転送される
  //    ため偽装を無効化）。/api/* のみ KVS の秘密値を上書き注入する。
  delete request.headers['x-origin-verify'];
  if (request.uri.startsWith('/api/')) {
    try {
      const secret = await kvs.get('origin-verify');
      request.headers['x-origin-verify'] = { value: secret };
    } catch {
      // origin-verify 未投入時はヘッダを付けない → BFF が 403（フェイルクローズ）。
    }
  }

  return request;
}
",
        "FunctionConfig": {
          "Comment": "ap-northeast-1IdashdevFrontendBasicAuthFunctionA1170089",
          "KeyValueStoreAssociations": [
            {
              "KeyValueStoreARN": {
                "Fn::GetAtt": [
                  "AuthKeyValueStore49EB72DA",
                  "Arn",
                ],
              },
            },
          ],
          "Runtime": "cloudfront-js-2.0",
        },
        "Name": "ap-northeast-1IdashdevFrontendBasicAuthFunctionA1170089",
      },
      "Type": "AWS::CloudFront::Function",
    },
    "CustomCDKBucketDeployment8693BB64968944B69AAFB0CC9EB8756C81C01536": {
      "DependsOn": [
        "CustomCDKBucketDeployment8693BB64968944B69AAFB0CC9EB8756CServiceRoleDefaultPolicy88902FDF",
        "CustomCDKBucketDeployment8693BB64968944B69AAFB0CC9EB8756CServiceRole89A01265",
      ],
      "Properties": {
        "Code": {
          "S3Bucket": {
            "Fn::Sub": "cdk-hnb659fds-assets-\${AWS::AccountId}-ap-northeast-1",
          },
          "S3Key": "NORMALIZED_ASSET_HASH.zip",
        },
        "Environment": {
          "Variables": {
            "AWS_CA_BUNDLE": "/etc/pki/ca-trust/extracted/pem/tls-ca-bundle.pem",
          },
        },
        "Handler": "index.handler",
        "Layers": [
          {
            "Ref": "DeploySiteAwsCliLayer88B0EBE2",
          },
        ],
        "Role": {
          "Fn::GetAtt": [
            "CustomCDKBucketDeployment8693BB64968944B69AAFB0CC9EB8756CServiceRole89A01265",
            "Arn",
          ],
        },
        "Runtime": "python3.13",
        "Timeout": 900,
      },
      "Type": "AWS::Lambda::Function",
    },
    "CustomCDKBucketDeployment8693BB64968944B69AAFB0CC9EB8756CServiceRole89A01265": {
      "Properties": {
        "AssumeRolePolicyDocument": {
          "Statement": [
            {
              "Action": "sts:AssumeRole",
              "Effect": "Allow",
              "Principal": {
                "Service": "lambda.amazonaws.com",
              },
            },
          ],
          "Version": "2012-10-17",
        },
        "ManagedPolicyArns": [
          {
            "Fn::Join": [
              "",
              [
                "arn:",
                {
                  "Ref": "AWS::Partition",
                },
                ":iam::aws:policy/service-role/AWSLambdaBasicExecutionRole",
              ],
            ],
          },
        ],
      },
      "Type": "AWS::IAM::Role",
    },
    "CustomCDKBucketDeployment8693BB64968944B69AAFB0CC9EB8756CServiceRoleDefaultPolicy88902FDF": {
      "Properties": {
        "PolicyDocument": {
          "Statement": [
            {
              "Action": [
                "s3:GetObject*",
                "s3:GetBucket*",
                "s3:List*",
              ],
              "Effect": "Allow",
              "Resource": [
                {
                  "Fn::Join": [
                    "",
                    [
                      "arn:",
                      {
                        "Ref": "AWS::Partition",
                      },
                      ":s3:::",
                      {
                        "Fn::Sub": "cdk-hnb659fds-assets-\${AWS::AccountId}-ap-northeast-1",
                      },
                    ],
                  ],
                },
                {
                  "Fn::Join": [
                    "",
                    [
                      "arn:",
                      {
                        "Ref": "AWS::Partition",
                      },
                      ":s3:::",
                      {
                        "Fn::Sub": "cdk-hnb659fds-assets-\${AWS::AccountId}-ap-northeast-1",
                      },
                      "/*",
                    ],
                  ],
                },
              ],
            },
            {
              "Action": [
                "s3:GetObject*",
                "s3:GetBucket*",
                "s3:List*",
                "s3:DeleteObject*",
                "s3:PutObject",
                "s3:PutObjectLegalHold",
                "s3:PutObjectRetention",
                "s3:PutObjectTagging",
                "s3:PutObjectVersionTagging",
                "s3:Abort*",
              ],
              "Effect": "Allow",
              "Resource": [
                {
                  "Fn::GetAtt": [
                    "SiteBucket397A1860",
                    "Arn",
                  ],
                },
                {
                  "Fn::Join": [
                    "",
                    [
                      {
                        "Fn::GetAtt": [
                          "SiteBucket397A1860",
                          "Arn",
                        ],
                      },
                      "/*",
                    ],
                  ],
                },
              ],
            },
            {
              "Action": [
                "cloudfront:GetInvalidation",
                "cloudfront:CreateInvalidation",
              ],
              "Effect": "Allow",
              "Resource": "*",
            },
          ],
          "Version": "2012-10-17",
        },
        "PolicyName": "CustomCDKBucketDeployment8693BB64968944B69AAFB0CC9EB8756CServiceRoleDefaultPolicy88902FDF",
        "Roles": [
          {
            "Ref": "CustomCDKBucketDeployment8693BB64968944B69AAFB0CC9EB8756CServiceRole89A01265",
          },
        ],
      },
      "Type": "AWS::IAM::Policy",
    },
    "CustomS3AutoDeleteObjectsCustomResourceProviderHandler9D90184F": {
      "DependsOn": [
        "CustomS3AutoDeleteObjectsCustomResourceProviderRole3B1BD092",
      ],
      "Properties": {
        "Code": {
          "S3Bucket": {
            "Fn::Sub": "cdk-hnb659fds-assets-\${AWS::AccountId}-ap-northeast-1",
          },
          "S3Key": "NORMALIZED_ASSET_HASH.zip",
        },
        "Description": {
          "Fn::Join": [
            "",
            [
              "Lambda function for auto-deleting objects in ",
              {
                "Ref": "SiteBucket397A1860",
              },
              " S3 bucket.",
            ],
          ],
        },
        "Handler": "index.handler",
        "MemorySize": 128,
        "Role": {
          "Fn::GetAtt": [
            "CustomS3AutoDeleteObjectsCustomResourceProviderRole3B1BD092",
            "Arn",
          ],
        },
        "Runtime": "nodejs24.x",
        "Timeout": 900,
      },
      "Type": "AWS::Lambda::Function",
    },
    "CustomS3AutoDeleteObjectsCustomResourceProviderRole3B1BD092": {
      "Properties": {
        "AssumeRolePolicyDocument": {
          "Statement": [
            {
              "Action": "sts:AssumeRole",
              "Effect": "Allow",
              "Principal": {
                "Service": "lambda.amazonaws.com",
              },
            },
          ],
          "Version": "2012-10-17",
        },
        "ManagedPolicyArns": [
          {
            "Fn::Sub": "arn:\${AWS::Partition}:iam::aws:policy/service-role/AWSLambdaBasicExecutionRole",
          },
        ],
      },
      "Type": "AWS::IAM::Role",
    },
    "DeploySiteAwsCliLayer88B0EBE2": {
      "Properties": {
        "Content": {
          "S3Bucket": {
            "Fn::Sub": "cdk-hnb659fds-assets-\${AWS::AccountId}-ap-northeast-1",
          },
          "S3Key": "NORMALIZED_ASSET_HASH.zip",
        },
        "Description": "/opt/awscli/aws",
      },
      "Type": "AWS::Lambda::LayerVersion",
    },
    "DeploySiteCustomResourceE47C9748": {
      "DeletionPolicy": "Delete",
      "Properties": {
        "DestinationBucketName": {
          "Ref": "SiteBucket397A1860",
        },
        "DistributionId": {
          "Ref": "Distribution830FAC52",
        },
        "DistributionPaths": [
          "/*",
        ],
        "OutputObjectKeys": true,
        "Prune": true,
        "ServiceToken": {
          "Fn::GetAtt": [
            "CustomCDKBucketDeployment8693BB64968944B69AAFB0CC9EB8756C81C01536",
            "Arn",
          ],
        },
        "SourceBucketNames": [
          {
            "Fn::Sub": "cdk-hnb659fds-assets-\${AWS::AccountId}-ap-northeast-1",
          },
        ],
        "SourceObjectKeys": [
          "NORMALIZED_ASSET_HASH.zip",
        ],
        "WaitForDistributionInvalidation": true,
      },
      "Type": "Custom::CDKBucketDeployment",
      "UpdateReplacePolicy": "Delete",
    },
    "Distribution830FAC52": {
      "Properties": {
        "DistributionConfig": {
          "CacheBehaviors": [
            {
              "AllowedMethods": [
                "GET",
                "HEAD",
              ],
              "CachePolicyId": "4135ea2d-6df8-44a3-9df3-4b5a84be39ad",
              "Compress": true,
              "FunctionAssociations": [
                {
                  "EventType": "viewer-request",
                  "FunctionARN": {
                    "Fn::GetAtt": [
                      "BasicAuthFunction3DE306AB",
                      "FunctionARN",
                    ],
                  },
                },
              ],
              "OriginRequestPolicyId": "b689b0a8-53d0-40ab-baf2-68738e2966ac",
              "PathPattern": "/api/*",
              "TargetOriginId": "IdashdevFrontendDistributionOrigin2BBD04438",
              "ViewerProtocolPolicy": "redirect-to-https",
            },
          ],
          "DefaultCacheBehavior": {
            "CachePolicyId": "658327ea-f89d-4fab-a63d-7e88639e58f6",
            "Compress": true,
            "FunctionAssociations": [
              {
                "EventType": "viewer-request",
                "FunctionARN": {
                  "Fn::GetAtt": [
                    "BasicAuthFunction3DE306AB",
                    "FunctionARN",
                  ],
                },
              },
            ],
            "TargetOriginId": "IdashdevFrontendDistributionOrigin116BBF04C",
            "ViewerProtocolPolicy": "redirect-to-https",
          },
          "DefaultRootObject": "index.html",
          "Enabled": true,
          "HttpVersion": "http2",
          "IPV6Enabled": true,
          "Origins": [
            {
              "DomainName": {
                "Fn::GetAtt": [
                  "SiteBucket397A1860",
                  "RegionalDomainName",
                ],
              },
              "Id": "IdashdevFrontendDistributionOrigin116BBF04C",
              "OriginAccessControlId": {
                "Fn::GetAtt": [
                  "DistributionOrigin1S3OriginAccessControlEB606076",
                  "Id",
                ],
              },
              "S3OriginConfig": {
                "OriginAccessIdentity": "",
              },
            },
            {
              "CustomOriginConfig": {
                "OriginProtocolPolicy": "https-only",
                "OriginSSLProtocols": [
                  "TLSv1.2",
                ],
              },
              "DomainName": "example.execute-api.ap-northeast-1.amazonaws.com",
              "Id": "IdashdevFrontendDistributionOrigin2BBD04438",
            },
          ],
          "Restrictions": {
            "GeoRestriction": {
              "Locations": [
                "JP",
              ],
              "RestrictionType": "whitelist",
            },
          },
        },
      },
      "Type": "AWS::CloudFront::Distribution",
    },
    "DistributionOrigin1S3OriginAccessControlEB606076": {
      "Properties": {
        "OriginAccessControlConfig": {
          "Name": "IdashdevFrontendDistributionOrigin1S3OriginAccessControlF77CE097",
          "OriginAccessControlOriginType": "s3",
          "SigningBehavior": "always",
          "SigningProtocol": "sigv4",
        },
      },
      "Type": "AWS::CloudFront::OriginAccessControl",
    },
    "SiteBucket397A1860": {
      "DeletionPolicy": "Delete",
      "Properties": {
        "PublicAccessBlockConfiguration": {
          "BlockPublicAcls": true,
          "BlockPublicPolicy": true,
          "IgnorePublicAcls": true,
          "RestrictPublicBuckets": true,
        },
        "Tags": [
          {
            "Key": "aws-cdk:auto-delete-objects",
            "Value": "true",
          },
          {
            "Key": "aws-cdk:cr-owned:f01780ca",
            "Value": "true",
          },
        ],
      },
      "Type": "AWS::S3::Bucket",
      "UpdateReplacePolicy": "Delete",
    },
    "SiteBucketAutoDeleteObjectsCustomResource9585E968": {
      "DeletionPolicy": "Delete",
      "DependsOn": [
        "SiteBucketPolicy3AC1D0F8",
      ],
      "Properties": {
        "BucketName": {
          "Ref": "SiteBucket397A1860",
        },
        "ServiceToken": {
          "Fn::GetAtt": [
            "CustomS3AutoDeleteObjectsCustomResourceProviderHandler9D90184F",
            "Arn",
          ],
        },
      },
      "Type": "Custom::S3AutoDeleteObjects",
      "UpdateReplacePolicy": "Delete",
    },
    "SiteBucketPolicy3AC1D0F8": {
      "Properties": {
        "Bucket": {
          "Ref": "SiteBucket397A1860",
        },
        "PolicyDocument": {
          "Statement": [
            {
              "Action": "s3:*",
              "Condition": {
                "Bool": {
                  "aws:SecureTransport": "false",
                },
              },
              "Effect": "Deny",
              "Principal": {
                "AWS": "*",
              },
              "Resource": [
                {
                  "Fn::GetAtt": [
                    "SiteBucket397A1860",
                    "Arn",
                  ],
                },
                {
                  "Fn::Join": [
                    "",
                    [
                      {
                        "Fn::GetAtt": [
                          "SiteBucket397A1860",
                          "Arn",
                        ],
                      },
                      "/*",
                    ],
                  ],
                },
              ],
            },
            {
              "Action": [
                "s3:PutBucketPolicy",
                "s3:GetBucket*",
                "s3:List*",
                "s3:DeleteObject*",
              ],
              "Effect": "Allow",
              "Principal": {
                "AWS": {
                  "Fn::GetAtt": [
                    "CustomS3AutoDeleteObjectsCustomResourceProviderRole3B1BD092",
                    "Arn",
                  ],
                },
              },
              "Resource": [
                {
                  "Fn::GetAtt": [
                    "SiteBucket397A1860",
                    "Arn",
                  ],
                },
                {
                  "Fn::Join": [
                    "",
                    [
                      {
                        "Fn::GetAtt": [
                          "SiteBucket397A1860",
                          "Arn",
                        ],
                      },
                      "/*",
                    ],
                  ],
                },
              ],
            },
            {
              "Action": "s3:GetObject",
              "Condition": {
                "StringEquals": {
                  "AWS:SourceArn": {
                    "Fn::Join": [
                      "",
                      [
                        "arn:",
                        {
                          "Ref": "AWS::Partition",
                        },
                        ":cloudfront::",
                        {
                          "Ref": "AWS::AccountId",
                        },
                        ":distribution/",
                        {
                          "Ref": "Distribution830FAC52",
                        },
                      ],
                    ],
                  },
                },
              },
              "Effect": "Allow",
              "Principal": {
                "Service": "cloudfront.amazonaws.com",
              },
              "Resource": {
                "Fn::Join": [
                  "",
                  [
                    {
                      "Fn::GetAtt": [
                        "SiteBucket397A1860",
                        "Arn",
                      ],
                    },
                    "/*",
                  ],
                ],
              },
            },
          ],
          "Version": "2012-10-17",
        },
      },
      "Type": "AWS::S3::BucketPolicy",
    },
  },
  "Rules": {
    "CheckBootstrapVersion": {
      "Assertions": [
        {
          "Assert": {
            "Fn::Not": [
              {
                "Fn::Contains": [
                  [
                    "1",
                    "2",
                    "3",
                    "4",
                    "5",
                  ],
                  {
                    "Ref": "BootstrapVersion",
                  },
                ],
              },
            ],
          },
          "AssertDescription": "CDK bootstrap stack version 6 required. Please run 'cdk bootstrap' with a recent version of the CDK CLI.",
        },
      ],
    },
  },
}
`;
